// Jest Snapshot v1, https://goo.gl/fbAQLP

exports[`Pill should match snapshot Pill should match snapshot 1`] = `
<div>
  <button
    onClick={[MockFunction]}
  >
    X
  </button>
  <p>
    
  </p>
</div>
`;
