// Jest Snapshot v1, https://goo.gl/fbAQLP

exports[`Interaction should match snapshot Interaction should match snapshot 1`] = `<div />`;
