// Jest Snapshot v1, https://goo.gl/fbAQLP

exports[`BlogImage should match snapshot Interaction should match snapshot 1`] = `
<img
  alt="test"
  src="./test.png"
/>
`;
